[F1] 默认开启图层: ['A-ANNO-150-TXT', 'A-ANNO-LEVL', 'A-ANNO-TTLB', 'A-FLOR-EVTR', 'A-FLOR-STRS', 'A-METAL-S', 'A-WALL-CONC', 'A-WALL-FINI', 'AXIS', 'COLUMN', 'DOOR_FIRE', 'STAIR', 'WALL', 'window', '填充线', '柱子-刚结构']
[F1] 强制剔除图层(整层忽略): ('A-TECH-SANT',)
[F1] WALL 图层线段: 1918, 结构线段并集(合并后): 2436, 家具层线段: 0, 被桥接墙缝: 994
[F1] window 图层: 窗口组 120（贴墙过滤剔除 49 组）, 剔除标识笔画 12719, 门弧线 76
[F1] 门弧线贴墙过滤: window 76->76, DOOR_FIRE 67->67
[F1] 门洞(去重后): 132
[F1] window 矢量编号块: 157  DK前缀(矢量): 26  DK文本补充: 0  合计: 26
[F1] DK→门洞(由 window 组转化): 3
[F1] 无摆弧门洞(DK约束): 3
[F1] 门去重: 138 -> 135
[F1] 统一楼梯 bbox: 9 个
    开放空间标签落在未封闭公共域(不参与房间识别): 走道x11, 门厅无障碍出入口x2, 学生活动区x1, 社团x1, 门厅x1
    [分割] 多标签连通域 cid=97: ['风井', '女卫生间'] -> 2 个子空间
    [分割] 多标签连通域 cid=35: ['水井排风井', '女卫生间'] -> 2 个子空间
    [分割] 多标签连通域 cid=195: ['水井排风井', '女卫生间'] -> 2 个子空间
    [合并] 未标注小单元并入房间: 55 处
    公共交通空间(走道/门厅)识别: 22 处, 总面积 3238m2
[F1] 房间多边形(标签探测): 63
[F1] 语义房间(带标签): 63
[F1] 含楼梯间后房间数: 71 (新注入 8)
[F1] 卫生间防火门直接丢弃: 3
[F1] 卫生间/楼梯间 DK 摆弧门重分类为门洞: 3
[F1] 服务核心内部 swing/fire 删除(开门豁免): 132 -> 129
[F1] QA: 无门房间 4 个 ['女卫生间', '男卫生间', '女卫生间', '学生活动区'], 无归属门 6 个
[F1] 合班教室识别真实闭合墙体: 面积≈190.4m²
[F1] 注入合班教室(隔离): F1-RM-0050 @ (-33.4,-21.1) 占位≈190.39m²
[F1] 合班 F1-RM-0050 关联门 1 扇（只追加, 最近 9.8m）
[F2] 默认开启图层: ['A-ANNO-150-TXT', 'A-ANNO-LEVL', 'A-ANNO-SYMB', 'A-ANNO-TTLB', 'A-FLOR-EVTR', 'A-FLOR-STRS', 'A-METAL-S', 'A-WALL-CONC', 'AXIS', 'DOOR_FIRE', 'STAIR', 'WALL', 'window', '填充线', '柱子-刚结构']
[F2] 跳过(非默认开启): ['COLUMN', 'A-WALL-FINI']
[F2] 强制剔除图层(整层忽略): ('A-TECH-SANT',)
[F2] WALL 图层线段: 1689, 结构线段并集(合并后): 2006, 家具层线段: 0, 被桥接墙缝: 726
[F2] window 图层: 窗口组 97（贴墙过滤剔除 26 组）, 剔除标识笔画 11591, 门弧线 42
[F2] 门弧线贴墙过滤: window 42->42, DOOR_FIRE 47->47
[F2] 门洞(去重后): 76
[F2] window 矢量编号块: 147  DK前缀(矢量): 31  DK文本补充: 0  合计: 31
[F2] DK→门洞(由 window 组转化): 2
[F2] 无摆弧门洞(DK约束): 4
[F2] 门去重: 82 -> 80
[F2] 统一楼梯 bbox: 7 个
    开放空间标签落在未封闭公共域(不参与房间识别): 走道x10
    [分割] 多标签连通域 cid=82: ['风井', '女卫生间'] -> 2 个子空间
    [分割] 多标签连通域 cid=64: ['生物工作室', '药品室'] -> 2 个子空间
    [分割] 多标签连通域 cid=83: ['水井', '饮水'] -> 2 个子空间
    [分割] 多标签连通域 cid=19: ['水井排风井', '女卫生间'] -> 2 个子空间
    [分割] 多标签连通域 cid=145: ['水井排风井', '女卫生间'] -> 2 个子空间
    [合并] 未标注小单元并入房间: 66 处
    [QA] 多标签共域(疑似误合并): ['管理员室', '历史地理资料室', '管理员室']
    公共交通空间(走道/门厅)识别: 16 处, 总面积 1487m2
[F2] 房间多边形(标签探测): 48
[F2] 语义房间(带标签): 48
[F2] 含楼梯间后房间数: 55 (新注入 7)
[F2] 卫生间防火门直接丢弃: 3
[F2] 卫生间/楼梯间 DK 摆弧门重分类为门洞: 3
[F2] 服务核心内部 swing/fire 删除(开门豁免): 77 -> 75
[F2] QA: 无门房间 3 个 ['女卫生间', '男卫生间', '女卫生间'], 无归属门 3 个
[F1] ST 依图纸编号补齐: ['II-B1-03#ST']
[F1] 开放/封闭房间重叠裁剪: 1 个
[F1] 外轮廓裁剪: walkable 0 个, 开放空间多边形 13 个
[F1] 前室切分: 新建 10 个电梯/楼梯前室
[F1] Walkable Polygon: 公共空间 31 个（楼梯挖空 21 处）
[F1] 墙厚配对: 1812/2436 (74%)
    [skeleton] walkable 31 → 合并后 3 块, base_res=0.08m
    [skeleton] 块1/3 area=2444m² res=0.148m nodes=132 15740ms
    [skeleton] 块2/3 area=10m² res=0.080m nodes=8 48ms
    [skeleton] 块3/3 area=8m² res=0.080m nodes=6 26ms
    [skeleton] TI-TI 邻接边 119 条 (TI=116)
    [skeleton] 孤立节点挂接 18 条
    [skeleton] TI 分量软桥 5 条 (分量 6→更少)
[F1] 骨架拓扑: TI=61 段=147 节点=241 边=279
[F2] 外轮廓裁剪: walkable 0 个, 开放空间多边形 2 个
[F2] 前室切分: 新建 6 个电梯/楼梯前室
[F2] Walkable Polygon: 公共空间 16 个（楼梯挖空 12 处）
[F2] 墙厚配对: 1336/2006 (67%)
    [skeleton] walkable 16 → 合并后 2 块, base_res=0.08m
    [skeleton] 块1/2 area=354m² res=0.080m nodes=29 1112ms
    [skeleton] 块2/2 area=777m² res=0.085m nodes=41 7978ms
    [skeleton] TI-TI 邻接边 51 条 (TI=54)
    [skeleton] 孤立节点挂接 17 条
    [skeleton] TI 分量软桥 3 条 (分量 6→更少)
[F2] 跨翼补边: 孤岛50节点 → 主分量 新增 2 条 (blindAccessible=false)
[F2] 骨架拓扑: TI=22 段=70 节点=146 边=173
[F1] 未匹配标签: ['施工图', '非机动车车库入口', '消防车道', '电气专业负责人', '暖通空调专业负责人', '给水排水专业负责人', '结构专业负责人', '建筑专业负责人', '审  定  人', '无障碍楼梯间', '审  核  人', '庭园上空', '设  计  人', '专业负责人', '走道', '出入口', '人防主', '无障碍出入口', '走道', '风井']
[F2] 未匹配标签: ['施工图', '电气专业负责人', '暖通空调专业负责人', '给水排水专业负责人', '结构专业负责人', '建筑专业负责人', '审  定  人', '无障碍楼梯间', '审  核  人', '设  计  人', '专业负责人', '化学教室', '走道', '雨棚', '走道', '生物（观察）', '走道', '屋顶平台（上人）', '教师办公区', '无障碍楼梯间']
输出: D:\code\pathai\result\school_building_01_map_v9.geojson
